[     199ms] [INFO] %cDownload the React DevTools for a better development experience: https://react.dev/link/react-devtools font-weight:bold @ http://localhost:3002/_next/static/chunks/0fri_next_dist_0tpe6z5._.js:2477
[     212ms] [LOG] [HMR] connected @ http://localhost:3002/_next/static/chunks/0fri_next_dist_0tpe6z5._.js:2477
[  106695ms] [LOG] [Fast Refresh] rebuilding @ http://localhost:3002/_next/static/chunks/0fri_next_dist_0tpe6z5._.js:2477
[  106715ms] [LOG] [Fast Refresh] done in 78ms @ http://localhost:3002/_next/static/chunks/0fri_next_dist_0tpe6z5._.js:2477
[  114483ms] [LOG] [Fast Refresh] rebuilding @ http://localhost:3002/_next/static/chunks/0fri_next_dist_0tpe6z5._.js:2477
[  114540ms] [LOG] [Fast Refresh] done in 55ms @ http://localhost:3002/_next/static/chunks/0fri_next_dist_0tpe6z5._.js:2477
[  128907ms] [LOG] [Fast Refresh] rebuilding @ http://localhost:3002/_next/static/chunks/0fri_next_dist_0tpe6z5._.js:2477
[  129000ms] [LOG] [Fast Refresh] done in 48ms @ http://localhost:3002/_next/static/chunks/0fri_next_dist_0tpe6z5._.js:2477
[  134688ms] [INFO] %cDownload the React DevTools for a better development experience: https://react.dev/link/react-devtools font-weight:bold @ http://localhost:3002/_next/static/chunks/0fri_next_dist_0tpe6z5._.js:2477
[  134700ms] [LOG] [HMR] connected @ http://localhost:3002/_next/static/chunks/0fri_next_dist_0tpe6z5._.js:2477
[  222234ms] [ERROR] WebSocket connection to 'ws://localhost:3002/_next/webpack-hmr?id=CkaUEMjbRJXTpyJeSFAYS' failed: Connection closed before receiving a handshake response @ http://localhost:3002/_next/static/chunks/0fri_next_dist_client_0khb3jk._.js:13322
[  223237ms] [ERROR] WebSocket connection to 'ws://localhost:3002/_next/webpack-hmr?id=CkaUEMjbRJXTpyJeSFAYS' failed: Error in connection establishment: net::ERR_CONNECTION_REFUSED @ http://localhost:3002/_next/static/chunks/0fri_next_dist_client_0khb3jk._.js:13322
[  224239ms] [ERROR] WebSocket connection to 'ws://localhost:3002/_next/webpack-hmr?id=CkaUEMjbRJXTpyJeSFAYS' failed: Error in connection establishment: net::ERR_CONNECTION_REFUSED @ http://localhost:3002/_next/static/chunks/0fri_next_dist_client_0khb3jk._.js:13322
[  225242ms] [ERROR] WebSocket connection to 'ws://localhost:3002/_next/webpack-hmr?id=CkaUEMjbRJXTpyJeSFAYS' failed: Error in connection establishment: net::ERR_CONNECTION_REFUSED @ http://localhost:3002/_next/static/chunks/0fri_next_dist_client_0khb3jk._.js:13322
[  226245ms] [ERROR] WebSocket connection to 'ws://localhost:3002/_next/webpack-hmr?id=CkaUEMjbRJXTpyJeSFAYS' failed: Error in connection establishment: net::ERR_CONNECTION_REFUSED @ http://localhost:3002/_next/static/chunks/0fri_next_dist_client_0khb3jk._.js:13322
[  231249ms] [ERROR] WebSocket connection to 'ws://localhost:3002/_next/webpack-hmr?id=CkaUEMjbRJXTpyJeSFAYS' failed: Error in connection establishment: net::ERR_CONNECTION_REFUSED @ http://localhost:3002/_next/static/chunks/0fri_next_dist_client_0khb3jk._.js:13322
[  236252ms] [ERROR] WebSocket connection to 'ws://localhost:3002/_next/webpack-hmr?id=CkaUEMjbRJXTpyJeSFAYS' failed: Error in connection establishment: net::ERR_CONNECTION_REFUSED @ http://localhost:3002/_next/static/chunks/0fri_next_dist_client_0khb3jk._.js:13322
[  241256ms] [ERROR] WebSocket connection to 'ws://localhost:3002/_next/webpack-hmr?id=CkaUEMjbRJXTpyJeSFAYS' failed: Error in connection establishment: net::ERR_CONNECTION_REFUSED @ http://localhost:3002/_next/static/chunks/0fri_next_dist_client_0khb3jk._.js:13322
[  246260ms] [ERROR] WebSocket connection to 'ws://localhost:3002/_next/webpack-hmr?id=CkaUEMjbRJXTpyJeSFAYS' failed: Error in connection establishment: net::ERR_CONNECTION_REFUSED @ http://localhost:3002/_next/static/chunks/0fri_next_dist_client_0khb3jk._.js:13322
[  251266ms] [ERROR] WebSocket connection to 'ws://localhost:3002/_next/webpack-hmr?id=CkaUEMjbRJXTpyJeSFAYS' failed: Error in connection establishment: net::ERR_CONNECTION_REFUSED @ http://localhost:3002/_next/static/chunks/0fri_next_dist_client_0khb3jk._.js:13322
[  256274ms] [ERROR] WebSocket connection to 'ws://localhost:3002/_next/webpack-hmr?id=CkaUEMjbRJXTpyJeSFAYS' failed: Error in connection establishment: net::ERR_CONNECTION_REFUSED @ http://localhost:3002/_next/static/chunks/0fri_next_dist_client_0khb3jk._.js:13322
[  261281ms] [ERROR] WebSocket connection to 'ws://localhost:3002/_next/webpack-hmr?id=CkaUEMjbRJXTpyJeSFAYS' failed: Error in connection establishment: net::ERR_CONNECTION_REFUSED @ http://localhost:3002/_next/static/chunks/0fri_next_dist_client_0khb3jk._.js:13322
[  346664ms] [INFO] %cDownload the React DevTools for a better development experience: https://react.dev/link/react-devtools font-weight:bold @ http://localhost:3000/_next/static/chunks/0fri_next_dist_0tpe6z5._.js:2477
[  346704ms] [LOG] [HMR] connected @ http://localhost:3000/_next/static/chunks/0fri_next_dist_0tpe6z5._.js:2477
[  372302ms] [LOG] [Fast Refresh] rebuilding @ http://localhost:3000/_next/static/chunks/0fri_next_dist_0tpe6z5._.js:2477
[  372630ms] [LOG] [Fast Refresh] done in 429ms @ http://localhost:3000/_next/static/chunks/0fri_next_dist_0tpe6z5._.js:2477
[  474467ms] [LOG] [Fast Refresh] rebuilding @ http://localhost:3000/_next/static/chunks/0fri_next_dist_0tpe6z5._.js:2477
[  474663ms] [LOG] [Fast Refresh] done in 129ms @ http://localhost:3000/_next/static/chunks/0fri_next_dist_0tpe6z5._.js:2477
[  474780ms] [LOG] [Fast Refresh] rebuilding @ http://localhost:3000/_next/static/chunks/0fri_next_dist_0tpe6z5._.js:2477
[  474810ms] [LOG] [Fast Refresh] done in 130ms @ http://localhost:3000/_next/static/chunks/0fri_next_dist_0tpe6z5._.js:2477
[  475671ms] [LOG] [Fast Refresh] rebuilding @ http://localhost:3000/_next/static/chunks/0fri_next_dist_0tpe6z5._.js:2477
[  475690ms] [LOG] [Fast Refresh] done in 120ms @ http://localhost:3000/_next/static/chunks/0fri_next_dist_0tpe6z5._.js:2477
[  475884ms] [LOG] [Fast Refresh] rebuilding @ http://localhost:3000/_next/static/chunks/0fri_next_dist_0tpe6z5._.js:2477
[  475928ms] [LOG] [Fast Refresh] done in 145ms @ http://localhost:3000/_next/static/chunks/0fri_next_dist_0tpe6z5._.js:2477
[  478152ms] [LOG] [Fast Refresh] rebuilding @ http://localhost:3000/_next/static/chunks/0fri_next_dist_0tpe6z5._.js:2477
[  478196ms] [LOG] [Fast Refresh] done in 56ms @ http://localhost:3000/_next/static/chunks/0fri_next_dist_0tpe6z5._.js:2477
