[     288ms] [INFO] %cDownload the React DevTools for a better development experience: https://react.dev/link/react-devtools font-weight:bold @ http://localhost:3002/_next/static/chunks/0fri_next_dist_0tpe6z5._.js:2477
[     302ms] [LOG] [HMR] connected @ http://localhost:3002/_next/static/chunks/0fri_next_dist_0tpe6z5._.js:2477
[     432ms] [LOG] [Fast Refresh] rebuilding @ http://localhost:3002/_next/static/chunks/0fri_next_dist_0tpe6z5._.js:2477
[     432ms] [LOG] [Fast Refresh] done in 101ms @ http://localhost:3002/_next/static/chunks/0fri_next_dist_0tpe6z5._.js:2477
[  107105ms] [INFO] %cDownload the React DevTools for a better development experience: https://react.dev/link/react-devtools font-weight:bold @ http://localhost:3002/_next/static/chunks/0fri_next_dist_0tpe6z5._.js:2477
[  107133ms] [LOG] [HMR] connected @ http://localhost:3002/_next/static/chunks/0fri_next_dist_0tpe6z5._.js:2477
[  108374ms] [INFO] %cDownload the React DevTools for a better development experience: https://react.dev/link/react-devtools font-weight:bold @ http://localhost:3002/_next/static/chunks/0fri_next_dist_0tpe6z5._.js:2477
[  108386ms] [LOG] [HMR] connected @ http://localhost:3002/_next/static/chunks/0fri_next_dist_0tpe6z5._.js:2477
[  109808ms] [INFO] %cDownload the React DevTools for a better development experience: https://react.dev/link/react-devtools font-weight:bold @ http://localhost:3002/_next/static/chunks/0fri_next_dist_0tpe6z5._.js:2477
[  109818ms] [LOG] [HMR] connected @ http://localhost:3002/_next/static/chunks/0fri_next_dist_0tpe6z5._.js:2477
[  126058ms] [LOG] [Fast Refresh] rebuilding @ http://localhost:3002/_next/static/chunks/0fri_next_dist_0tpe6z5._.js:2477
[  126086ms] Error: Internal Next.js error: Router action dispatched before initialization.
    at dispatchAppRouterAction (http://localhost:3002/_next/static/chunks/0fri_next_dist_client_0khb3jk._.js:916:37)
    at http://localhost:3002/_next/static/chunks/0fri_next_dist_client_0khb3jk._.js:11823:61
    at startTransition (http://localhost:3002/_next/static/chunks/0fri_next_dist_compiled_13lyavm._.js:1279:31)
    at Object.hmrRefresh (http://localhost:3002/_next/static/chunks/0fri_next_dist_client_0khb3jk._.js:11822:40)
    at processMessage (http://localhost:3002/_next/static/chunks/0fri_next_dist_client_0khb3jk._.js:14013:67)
    at WebSocket.handleMessage (http://localhost:3002/_next/static/chunks/0fri_next_dist_client_0khb3jk._.js:13358:52)
[  126087ms] Error: Internal Next.js error: Router action dispatched before initialization.
    at dispatchAppRouterAction (http://localhost:3002/_next/static/chunks/0fri_next_dist_client_0khb3jk._.js:916:37)
    at http://localhost:3002/_next/static/chunks/0fri_next_dist_client_0khb3jk._.js:11823:61
    at startTransition (http://localhost:3002/_next/static/chunks/0fri_next_dist_compiled_13lyavm._.js:1279:31)
    at Object.hmrRefresh (http://localhost:3002/_next/static/chunks/0fri_next_dist_client_0khb3jk._.js:11822:40)
    at processMessage (http://localhost:3002/_next/static/chunks/0fri_next_dist_client_0khb3jk._.js:14013:67)
    at WebSocket.handleMessage (http://localhost:3002/_next/static/chunks/0fri_next_dist_client_0khb3jk._.js:13358:52)
[  126087ms] Error: Internal Next.js error: Router action dispatched before initialization.
    at dispatchAppRouterAction (http://localhost:3002/_next/static/chunks/0fri_next_dist_client_0khb3jk._.js:916:37)
    at http://localhost:3002/_next/static/chunks/0fri_next_dist_client_0khb3jk._.js:11823:61
    at startTransition (http://localhost:3002/_next/static/chunks/0fri_next_dist_compiled_13lyavm._.js:1279:31)
    at Object.hmrRefresh (http://localhost:3002/_next/static/chunks/0fri_next_dist_client_0khb3jk._.js:11822:40)
    at processMessage (http://localhost:3002/_next/static/chunks/0fri_next_dist_client_0khb3jk._.js:14013:67)
    at WebSocket.handleMessage (http://localhost:3002/_next/static/chunks/0fri_next_dist_client_0khb3jk._.js:13358:52)
[  126087ms] Error: Internal Next.js error: Router action dispatched before initialization.
    at dispatchAppRouterAction (http://localhost:3002/_next/static/chunks/0fri_next_dist_client_0khb3jk._.js:916:37)
    at http://localhost:3002/_next/static/chunks/0fri_next_dist_client_0khb3jk._.js:11823:61
    at startTransition (http://localhost:3002/_next/static/chunks/0fri_next_dist_compiled_13lyavm._.js:1279:31)
    at Object.hmrRefresh (http://localhost:3002/_next/static/chunks/0fri_next_dist_client_0khb3jk._.js:11822:40)
    at processMessage (http://localhost:3002/_next/static/chunks/0fri_next_dist_client_0khb3jk._.js:14013:67)
    at WebSocket.handleMessage (http://localhost:3002/_next/static/chunks/0fri_next_dist_client_0khb3jk._.js:13358:52)
[  126087ms] Error: Internal Next.js error: Router action dispatched before initialization.
    at dispatchAppRouterAction (http://localhost:3002/_next/static/chunks/0fri_next_dist_client_0khb3jk._.js:916:37)
    at http://localhost:3002/_next/static/chunks/0fri_next_dist_client_0khb3jk._.js:11823:61
    at startTransition (http://localhost:3002/_next/static/chunks/0fri_next_dist_compiled_13lyavm._.js:1279:31)
    at Object.hmrRefresh (http://localhost:3002/_next/static/chunks/0fri_next_dist_client_0khb3jk._.js:11822:40)
    at processMessage (http://localhost:3002/_next/static/chunks/0fri_next_dist_client_0khb3jk._.js:14013:67)
    at WebSocket.handleMessage (http://localhost:3002/_next/static/chunks/0fri_next_dist_client_0khb3jk._.js:13358:52)
[  126087ms] Error: Internal Next.js error: Router action dispatched before initialization.
    at dispatchAppRouterAction (http://localhost:3002/_next/static/chunks/0fri_next_dist_client_0khb3jk._.js:916:37)
    at http://localhost:3002/_next/static/chunks/0fri_next_dist_client_0khb3jk._.js:11823:61
    at startTransition (http://localhost:3002/_next/static/chunks/0fri_next_dist_compiled_13lyavm._.js:1279:31)
    at Object.hmrRefresh (http://localhost:3002/_next/static/chunks/0fri_next_dist_client_0khb3jk._.js:11822:40)
    at processMessage (http://localhost:3002/_next/static/chunks/0fri_next_dist_client_0khb3jk._.js:14013:67)
    at WebSocket.handleMessage (http://localhost:3002/_next/static/chunks/0fri_next_dist_client_0khb3jk._.js:13358:52)
[  126087ms] Error: Internal Next.js error: Router action dispatched before initialization.
    at dispatchAppRouterAction (http://localhost:3002/_next/static/chunks/0fri_next_dist_client_0khb3jk._.js:916:37)
    at http://localhost:3002/_next/static/chunks/0fri_next_dist_client_0khb3jk._.js:11823:61
    at startTransition (http://localhost:3002/_next/static/chunks/0fri_next_dist_compiled_13lyavm._.js:1279:31)
    at Object.hmrRefresh (http://localhost:3002/_next/static/chunks/0fri_next_dist_client_0khb3jk._.js:11822:40)
    at processMessage (http://localhost:3002/_next/static/chunks/0fri_next_dist_client_0khb3jk._.js:14013:67)
    at WebSocket.handleMessage (http://localhost:3002/_next/static/chunks/0fri_next_dist_client_0khb3jk._.js:13358:52)
[  126087ms] Error: Internal Next.js error: Router action dispatched before initialization.
    at dispatchAppRouterAction (http://localhost:3002/_next/static/chunks/0fri_next_dist_client_0khb3jk._.js:916:37)
    at http://localhost:3002/_next/static/chunks/0fri_next_dist_client_0khb3jk._.js:11823:61
    at startTransition (http://localhost:3002/_next/static/chunks/0fri_next_dist_compiled_13lyavm._.js:1279:31)
    at Object.hmrRefresh (http://localhost:3002/_next/static/chunks/0fri_next_dist_client_0khb3jk._.js:11822:40)
    at processMessage (http://localhost:3002/_next/static/chunks/0fri_next_dist_client_0khb3jk._.js:14013:67)
    at WebSocket.handleMessage (http://localhost:3002/_next/static/chunks/0fri_next_dist_client_0khb3jk._.js:13358:52)
[  126087ms] Error: Internal Next.js error: Router action dispatched before initialization.
    at dispatchAppRouterAction (http://localhost:3002/_next/static/chunks/0fri_next_dist_client_0khb3jk._.js:916:37)
    at http://localhost:3002/_next/static/chunks/0fri_next_dist_client_0khb3jk._.js:11823:61
    at startTransition (http://localhost:3002/_next/static/chunks/0fri_next_dist_compiled_13lyavm._.js:1279:31)
    at Object.hmrRefresh (http://localhost:3002/_next/static/chunks/0fri_next_dist_client_0khb3jk._.js:11822:40)
    at processMessage (http://localhost:3002/_next/static/chunks/0fri_next_dist_client_0khb3jk._.js:14013:67)
    at WebSocket.handleMessage (http://localhost:3002/_next/static/chunks/0fri_next_dist_client_0khb3jk._.js:13358:52)
[  126087ms] Error: Internal Next.js error: Router action dispatched before initialization.
    at dispatchAppRouterAction (http://localhost:3002/_next/static/chunks/0fri_next_dist_client_0khb3jk._.js:916:37)
    at http://localhost:3002/_next/static/chunks/0fri_next_dist_client_0khb3jk._.js:11823:61
    at startTransition (http://localhost:3002/_next/static/chunks/0fri_next_dist_compiled_13lyavm._.js:1279:31)
    at Object.hmrRefresh (http://localhost:3002/_next/static/chunks/0fri_next_dist_client_0khb3jk._.js:11822:40)
    at processMessage (http://localhost:3002/_next/static/chunks/0fri_next_dist_client_0khb3jk._.js:14013:67)
    at WebSocket.handleMessage (http://localhost:3002/_next/static/chunks/0fri_next_dist_client_0khb3jk._.js:13358:52)
[  126088ms] Error: Internal Next.js error: Router action dispatched before initialization.
    at dispatchAppRouterAction (http://localhost:3002/_next/static/chunks/0fri_next_dist_client_0khb3jk._.js:916:37)
    at http://localhost:3002/_next/static/chunks/0fri_next_dist_client_0khb3jk._.js:11823:61
    at startTransition (http://localhost:3002/_next/static/chunks/0fri_next_dist_compiled_13lyavm._.js:1279:31)
    at Object.hmrRefresh (http://localhost:3002/_next/static/chunks/0fri_next_dist_client_0khb3jk._.js:11822:40)
    at processMessage (http://localhost:3002/_next/static/chunks/0fri_next_dist_client_0khb3jk._.js:14013:67)
    at WebSocket.handleMessage (http://localhost:3002/_next/static/chunks/0fri_next_dist_client_0khb3jk._.js:13358:52)
[  126088ms] Error: Internal Next.js error: Router action dispatched before initialization.
    at dispatchAppRouterAction (http://localhost:3002/_next/static/chunks/0fri_next_dist_client_0khb3jk._.js:916:37)
    at http://localhost:3002/_next/static/chunks/0fri_next_dist_client_0khb3jk._.js:11823:61
    at startTransition (http://localhost:3002/_next/static/chunks/0fri_next_dist_compiled_13lyavm._.js:1279:31)
    at Object.hmrRefresh (http://localhost:3002/_next/static/chunks/0fri_next_dist_client_0khb3jk._.js:11822:40)
    at processMessage (http://localhost:3002/_next/static/chunks/0fri_next_dist_client_0khb3jk._.js:14013:67)
    at WebSocket.handleMessage (http://localhost:3002/_next/static/chunks/0fri_next_dist_client_0khb3jk._.js:13358:52)
[  126088ms] Error: Internal Next.js error: Router action dispatched before initialization.
    at dispatchAppRouterAction (http://localhost:3002/_next/static/chunks/0fri_next_dist_client_0khb3jk._.js:916:37)
    at http://localhost:3002/_next/static/chunks/0fri_next_dist_client_0khb3jk._.js:11823:61
    at startTransition (http://localhost:3002/_next/static/chunks/0fri_next_dist_compiled_13lyavm._.js:1279:31)
    at Object.hmrRefresh (http://localhost:3002/_next/static/chunks/0fri_next_dist_client_0khb3jk._.js:11822:40)
    at processMessage (http://localhost:3002/_next/static/chunks/0fri_next_dist_client_0khb3jk._.js:14013:67)
    at WebSocket.handleMessage (http://localhost:3002/_next/static/chunks/0fri_next_dist_client_0khb3jk._.js:13358:52)
[  126088ms] Error: Internal Next.js error: Router action dispatched before initialization.
    at dispatchAppRouterAction (http://localhost:3002/_next/static/chunks/0fri_next_dist_client_0khb3jk._.js:916:37)
    at http://localhost:3002/_next/static/chunks/0fri_next_dist_client_0khb3jk._.js:11823:61
    at startTransition (http://localhost:3002/_next/static/chunks/0fri_next_dist_compiled_13lyavm._.js:1279:31)
    at Object.hmrRefresh (http://localhost:3002/_next/static/chunks/0fri_next_dist_client_0khb3jk._.js:11822:40)
    at processMessage (http://localhost:3002/_next/static/chunks/0fri_next_dist_client_0khb3jk._.js:14013:67)
    at WebSocket.handleMessage (http://localhost:3002/_next/static/chunks/0fri_next_dist_client_0khb3jk._.js:13358:52)
[  126088ms] Error: Internal Next.js error: Router action dispatched before initialization.
    at dispatchAppRouterAction (http://localhost:3002/_next/static/chunks/0fri_next_dist_client_0khb3jk._.js:916:37)
    at http://localhost:3002/_next/static/chunks/0fri_next_dist_client_0khb3jk._.js:11823:61
    at startTransition (http://localhost:3002/_next/static/chunks/0fri_next_dist_compiled_13lyavm._.js:1279:31)
    at Object.hmrRefresh (http://localhost:3002/_next/static/chunks/0fri_next_dist_client_0khb3jk._.js:11822:40)
    at processMessage (http://localhost:3002/_next/static/chunks/0fri_next_dist_client_0khb3jk._.js:14013:67)
    at WebSocket.handleMessage (http://localhost:3002/_next/static/chunks/0fri_next_dist_client_0khb3jk._.js:13358:52)
[  126089ms] Error: Internal Next.js error: Router action dispatched before initialization.
    at dispatchAppRouterAction (http://localhost:3002/_next/static/chunks/0fri_next_dist_client_0khb3jk._.js:916:37)
    at http://localhost:3002/_next/static/chunks/0fri_next_dist_client_0khb3jk._.js:11823:61
    at startTransition (http://localhost:3002/_next/static/chunks/0fri_next_dist_compiled_13lyavm._.js:1279:31)
    at Object.hmrRefresh (http://localhost:3002/_next/static/chunks/0fri_next_dist_client_0khb3jk._.js:11822:40)
    at processMessage (http://localhost:3002/_next/static/chunks/0fri_next_dist_client_0khb3jk._.js:14013:67)
    at WebSocket.handleMessage (http://localhost:3002/_next/static/chunks/0fri_next_dist_client_0khb3jk._.js:13358:52)
[  126089ms] Error: Internal Next.js error: Router action dispatched before initialization.
    at dispatchAppRouterAction (http://localhost:3002/_next/static/chunks/0fri_next_dist_client_0khb3jk._.js:916:37)
    at http://localhost:3002/_next/static/chunks/0fri_next_dist_client_0khb3jk._.js:11823:61
    at startTransition (http://localhost:3002/_next/static/chunks/0fri_next_dist_compiled_13lyavm._.js:1279:31)
    at Object.hmrRefresh (http://localhost:3002/_next/static/chunks/0fri_next_dist_client_0khb3jk._.js:11822:40)
    at processMessage (http://localhost:3002/_next/static/chunks/0fri_next_dist_client_0khb3jk._.js:14013:67)
    at WebSocket.handleMessage (http://localhost:3002/_next/static/chunks/0fri_next_dist_client_0khb3jk._.js:13358:52)
[  126098ms] Error: Internal Next.js error: Router action dispatched before initialization.
    at dispatchAppRouterAction (http://localhost:3002/_next/static/chunks/0fri_next_dist_client_0khb3jk._.js:916:37)
    at http://localhost:3002/_next/static/chunks/0fri_next_dist_client_0khb3jk._.js:11823:61
    at startTransition (http://localhost:3002/_next/static/chunks/0fri_next_dist_compiled_13lyavm._.js:1279:31)
    at Object.hmrRefresh (http://localhost:3002/_next/static/chunks/0fri_next_dist_client_0khb3jk._.js:11822:40)
    at processMessage (http://localhost:3002/_next/static/chunks/0fri_next_dist_client_0khb3jk._.js:14013:67)
    at WebSocket.handleMessage (http://localhost:3002/_next/static/chunks/0fri_next_dist_client_0khb3jk._.js:13358:52)
[  126099ms] Error: Internal Next.js error: Router action dispatched before initialization.
    at dispatchAppRouterAction (http://localhost:3002/_next/static/chunks/0fri_next_dist_client_0khb3jk._.js:916:37)
    at http://localhost:3002/_next/static/chunks/0fri_next_dist_client_0khb3jk._.js:11823:61
    at startTransition (http://localhost:3002/_next/static/chunks/0fri_next_dist_compiled_13lyavm._.js:1279:31)
    at Object.hmrRefresh (http://localhost:3002/_next/static/chunks/0fri_next_dist_client_0khb3jk._.js:11822:40)
    at processMessage (http://localhost:3002/_next/static/chunks/0fri_next_dist_client_0khb3jk._.js:14013:67)
    at WebSocket.handleMessage (http://localhost:3002/_next/static/chunks/0fri_next_dist_client_0khb3jk._.js:13358:52)
[  126099ms] Error: Internal Next.js error: Router action dispatched before initialization.
    at dispatchAppRouterAction (http://localhost:3002/_next/static/chunks/0fri_next_dist_client_0khb3jk._.js:916:37)
    at http://localhost:3002/_next/static/chunks/0fri_next_dist_client_0khb3jk._.js:11823:61
    at startTransition (http://localhost:3002/_next/static/chunks/0fri_next_dist_compiled_13lyavm._.js:1279:31)
    at Object.hmrRefresh (http://localhost:3002/_next/static/chunks/0fri_next_dist_client_0khb3jk._.js:11822:40)
    at processMessage (http://localhost:3002/_next/static/chunks/0fri_next_dist_client_0khb3jk._.js:14013:67)
    at WebSocket.handleMessage (http://localhost:3002/_next/static/chunks/0fri_next_dist_client_0khb3jk._.js:13358:52)
[  126099ms] Error: Internal Next.js error: Router action dispatched before initialization.
    at dispatchAppRouterAction (http://localhost:3002/_next/static/chunks/0fri_next_dist_client_0khb3jk._.js:916:37)
    at http://localhost:3002/_next/static/chunks/0fri_next_dist_client_0khb3jk._.js:11823:61
    at startTransition (http://localhost:3002/_next/static/chunks/0fri_next_dist_compiled_13lyavm._.js:1279:31)
    at Object.hmrRefresh (http://localhost:3002/_next/static/chunks/0fri_next_dist_client_0khb3jk._.js:11822:40)
    at processMessage (http://localhost:3002/_next/static/chunks/0fri_next_dist_client_0khb3jk._.js:14013:67)
    at WebSocket.handleMessage (http://localhost:3002/_next/static/chunks/0fri_next_dist_client_0khb3jk._.js:13358:52)
[  126099ms] Error: Internal Next.js error: Router action dispatched before initialization.
    at dispatchAppRouterAction (http://localhost:3002/_next/static/chunks/0fri_next_dist_client_0khb3jk._.js:916:37)
    at http://localhost:3002/_next/static/chunks/0fri_next_dist_client_0khb3jk._.js:11823:61
    at startTransition (http://localhost:3002/_next/static/chunks/0fri_next_dist_compiled_13lyavm._.js:1279:31)
    at Object.hmrRefresh (http://localhost:3002/_next/static/chunks/0fri_next_dist_client_0khb3jk._.js:11822:40)
    at processMessage (http://localhost:3002/_next/static/chunks/0fri_next_dist_client_0khb3jk._.js:14013:67)
    at WebSocket.handleMessage (http://localhost:3002/_next/static/chunks/0fri_next_dist_client_0khb3jk._.js:13358:52)
[  126099ms] Error: Internal Next.js error: Router action dispatched before initialization.
    at dispatchAppRouterAction (http://localhost:3002/_next/static/chunks/0fri_next_dist_client_0khb3jk._.js:916:37)
    at http://localhost:3002/_next/static/chunks/0fri_next_dist_client_0khb3jk._.js:11823:61
    at startTransition (http://localhost:3002/_next/static/chunks/0fri_next_dist_compiled_13lyavm._.js:1279:31)
    at Object.hmrRefresh (http://localhost:3002/_next/static/chunks/0fri_next_dist_client_0khb3jk._.js:11822:40)
    at processMessage (http://localhost:3002/_next/static/chunks/0fri_next_dist_client_0khb3jk._.js:14013:67)
    at WebSocket.handleMessage (http://localhost:3002/_next/static/chunks/0fri_next_dist_client_0khb3jk._.js:13358:52)
[  126099ms] Error: Internal Next.js error: Router action dispatched before initialization.
    at dispatchAppRouterAction (http://localhost:3002/_next/static/chunks/0fri_next_dist_client_0khb3jk._.js:916:37)
    at http://localhost:3002/_next/static/chunks/0fri_next_dist_client_0khb3jk._.js:11823:61
    at startTransition (http://localhost:3002/_next/static/chunks/0fri_next_dist_compiled_13lyavm._.js:1279:31)
    at Object.hmrRefresh (http://localhost:3002/_next/static/chunks/0fri_next_dist_client_0khb3jk._.js:11822:40)
    at processMessage (http://localhost:3002/_next/static/chunks/0fri_next_dist_client_0khb3jk._.js:14013:67)
    at WebSocket.handleMessage (http://localhost:3002/_next/static/chunks/0fri_next_dist_client_0khb3jk._.js:13358:52)
[  126099ms] Error: Internal Next.js error: Router action dispatched before initialization.
    at dispatchAppRouterAction (http://localhost:3002/_next/static/chunks/0fri_next_dist_client_0khb3jk._.js:916:37)
    at http://localhost:3002/_next/static/chunks/0fri_next_dist_client_0khb3jk._.js:11823:61
    at startTransition (http://localhost:3002/_next/static/chunks/0fri_next_dist_compiled_13lyavm._.js:1279:31)
    at Object.hmrRefresh (http://localhost:3002/_next/static/chunks/0fri_next_dist_client_0khb3jk._.js:11822:40)
    at processMessage (http://localhost:3002/_next/static/chunks/0fri_next_dist_client_0khb3jk._.js:14013:67)
    at WebSocket.handleMessage (http://localhost:3002/_next/static/chunks/0fri_next_dist_client_0khb3jk._.js:13358:52)
[  126100ms] Error: Internal Next.js error: Router action dispatched before initialization.
    at dispatchAppRouterAction (http://localhost:3002/_next/static/chunks/0fri_next_dist_client_0khb3jk._.js:916:37)
    at http://localhost:3002/_next/static/chunks/0fri_next_dist_client_0khb3jk._.js:11823:61
    at startTransition (http://localhost:3002/_next/static/chunks/0fri_next_dist_compiled_13lyavm._.js:1279:31)
    at Object.hmrRefresh (http://localhost:3002/_next/static/chunks/0fri_next_dist_client_0khb3jk._.js:11822:40)
    at processMessage (http://localhost:3002/_next/static/chunks/0fri_next_dist_client_0khb3jk._.js:14013:67)
    at WebSocket.handleMessage (http://localhost:3002/_next/static/chunks/0fri_next_dist_client_0khb3jk._.js:13358:52)
[  126100ms] Error: Internal Next.js error: Router action dispatched before initialization.
    at dispatchAppRouterAction (http://localhost:3002/_next/static/chunks/0fri_next_dist_client_0khb3jk._.js:916:37)
    at http://localhost:3002/_next/static/chunks/0fri_next_dist_client_0khb3jk._.js:11823:61
    at startTransition (http://localhost:3002/_next/static/chunks/0fri_next_dist_compiled_13lyavm._.js:1279:31)
    at Object.hmrRefresh (http://localhost:3002/_next/static/chunks/0fri_next_dist_client_0khb3jk._.js:11822:40)
    at processMessage (http://localhost:3002/_next/static/chunks/0fri_next_dist_client_0khb3jk._.js:14013:67)
    at WebSocket.handleMessage (http://localhost:3002/_next/static/chunks/0fri_next_dist_client_0khb3jk._.js:13358:52)
[  126100ms] Error: Internal Next.js error: Router action dispatched before initialization.
    at dispatchAppRouterAction (http://localhost:3002/_next/static/chunks/0fri_next_dist_client_0khb3jk._.js:916:37)
    at http://localhost:3002/_next/static/chunks/0fri_next_dist_client_0khb3jk._.js:11823:61
    at startTransition (http://localhost:3002/_next/static/chunks/0fri_next_dist_compiled_13lyavm._.js:1279:31)
    at Object.hmrRefresh (http://localhost:3002/_next/static/chunks/0fri_next_dist_client_0khb3jk._.js:11822:40)
    at processMessage (http://localhost:3002/_next/static/chunks/0fri_next_dist_client_0khb3jk._.js:14013:67)
    at WebSocket.handleMessage (http://localhost:3002/_next/static/chunks/0fri_next_dist_client_0khb3jk._.js:13358:52)
[  126100ms] Error: Internal Next.js error: Router action dispatched before initialization.
    at dispatchAppRouterAction (http://localhost:3002/_next/static/chunks/0fri_next_dist_client_0khb3jk._.js:916:37)
    at http://localhost:3002/_next/static/chunks/0fri_next_dist_client_0khb3jk._.js:11823:61
    at startTransition (http://localhost:3002/_next/static/chunks/0fri_next_dist_compiled_13lyavm._.js:1279:31)
    at Object.hmrRefresh (http://localhost:3002/_next/static/chunks/0fri_next_dist_client_0khb3jk._.js:11822:40)
    at processMessage (http://localhost:3002/_next/static/chunks/0fri_next_dist_client_0khb3jk._.js:14013:67)
    at WebSocket.handleMessage (http://localhost:3002/_next/static/chunks/0fri_next_dist_client_0khb3jk._.js:13358:52)
[  126100ms] Error: Internal Next.js error: Router action dispatched before initialization.
    at dispatchAppRouterAction (http://localhost:3002/_next/static/chunks/0fri_next_dist_client_0khb3jk._.js:916:37)
    at http://localhost:3002/_next/static/chunks/0fri_next_dist_client_0khb3jk._.js:11823:61
    at startTransition (http://localhost:3002/_next/static/chunks/0fri_next_dist_compiled_13lyavm._.js:1279:31)
    at Object.hmrRefresh (http://localhost:3002/_next/static/chunks/0fri_next_dist_client_0khb3jk._.js:11822:40)
    at processMessage (http://localhost:3002/_next/static/chunks/0fri_next_dist_client_0khb3jk._.js:14013:67)
    at WebSocket.handleMessage (http://localhost:3002/_next/static/chunks/0fri_next_dist_client_0khb3jk._.js:13358:52)
[  126100ms] Error: Internal Next.js error: Router action dispatched before initialization.
    at dispatchAppRouterAction (http://localhost:3002/_next/static/chunks/0fri_next_dist_client_0khb3jk._.js:916:37)
    at http://localhost:3002/_next/static/chunks/0fri_next_dist_client_0khb3jk._.js:11823:61
    at startTransition (http://localhost:3002/_next/static/chunks/0fri_next_dist_compiled_13lyavm._.js:1279:31)
    at Object.hmrRefresh (http://localhost:3002/_next/static/chunks/0fri_next_dist_client_0khb3jk._.js:11822:40)
    at processMessage (http://localhost:3002/_next/static/chunks/0fri_next_dist_client_0khb3jk._.js:14013:67)
    at WebSocket.handleMessage (http://localhost:3002/_next/static/chunks/0fri_next_dist_client_0khb3jk._.js:13358:52)
[  126100ms] Error: Internal Next.js error: Router action dispatched before initialization.
    at dispatchAppRouterAction (http://localhost:3002/_next/static/chunks/0fri_next_dist_client_0khb3jk._.js:916:37)
    at http://localhost:3002/_next/static/chunks/0fri_next_dist_client_0khb3jk._.js:11823:61
    at startTransition (http://localhost:3002/_next/static/chunks/0fri_next_dist_compiled_13lyavm._.js:1279:31)
    at Object.hmrRefresh (http://localhost:3002/_next/static/chunks/0fri_next_dist_client_0khb3jk._.js:11822:40)
    at processMessage (http://localhost:3002/_next/static/chunks/0fri_next_dist_client_0khb3jk._.js:14013:67)
    at WebSocket.handleMessage (http://localhost:3002/_next/static/chunks/0fri_next_dist_client_0khb3jk._.js:13358:52)
[  126100ms] Error: Internal Next.js error: Router action dispatched before initialization.
    at dispatchAppRouterAction (http://localhost:3002/_next/static/chunks/0fri_next_dist_client_0khb3jk._.js:916:37)
    at http://localhost:3002/_next/static/chunks/0fri_next_dist_client_0khb3jk._.js:11823:61
    at startTransition (http://localhost:3002/_next/static/chunks/0fri_next_dist_compiled_13lyavm._.js:1279:31)
    at Object.hmrRefresh (http://localhost:3002/_next/static/chunks/0fri_next_dist_client_0khb3jk._.js:11822:40)
    at processMessage (http://localhost:3002/_next/static/chunks/0fri_next_dist_client_0khb3jk._.js:14013:67)
    at WebSocket.handleMessage (http://localhost:3002/_next/static/chunks/0fri_next_dist_client_0khb3jk._.js:13358:52)
[  126100ms] Error: Internal Next.js error: Router action dispatched before initialization.
    at dispatchAppRouterAction (http://localhost:3002/_next/static/chunks/0fri_next_dist_client_0khb3jk._.js:916:37)
    at http://localhost:3002/_next/static/chunks/0fri_next_dist_client_0khb3jk._.js:11823:61
    at startTransition (http://localhost:3002/_next/static/chunks/0fri_next_dist_compiled_13lyavm._.js:1279:31)
    at Object.hmrRefresh (http://localhost:3002/_next/static/chunks/0fri_next_dist_client_0khb3jk._.js:11822:40)
    at processMessage (http://localhost:3002/_next/static/chunks/0fri_next_dist_client_0khb3jk._.js:14013:67)
    at WebSocket.handleMessage (http://localhost:3002/_next/static/chunks/0fri_next_dist_client_0khb3jk._.js:13358:52)
[  126100ms] Error: Internal Next.js error: Router action dispatched before initialization.
    at dispatchAppRouterAction (http://localhost:3002/_next/static/chunks/0fri_next_dist_client_0khb3jk._.js:916:37)
    at http://localhost:3002/_next/static/chunks/0fri_next_dist_client_0khb3jk._.js:11823:61
    at startTransition (http://localhost:3002/_next/static/chunks/0fri_next_dist_compiled_13lyavm._.js:1279:31)
    at Object.hmrRefresh (http://localhost:3002/_next/static/chunks/0fri_next_dist_client_0khb3jk._.js:11822:40)
    at processMessage (http://localhost:3002/_next/static/chunks/0fri_next_dist_client_0khb3jk._.js:14013:67)
    at WebSocket.handleMessage (http://localhost:3002/_next/static/chunks/0fri_next_dist_client_0khb3jk._.js:13358:52)
[  126100ms] Error: Internal Next.js error: Router action dispatched before initialization.
    at dispatchAppRouterAction (http://localhost:3002/_next/static/chunks/0fri_next_dist_client_0khb3jk._.js:916:37)
    at http://localhost:3002/_next/static/chunks/0fri_next_dist_client_0khb3jk._.js:11823:61
    at startTransition (http://localhost:3002/_next/static/chunks/0fri_next_dist_compiled_13lyavm._.js:1279:31)
    at Object.hmrRefresh (http://localhost:3002/_next/static/chunks/0fri_next_dist_client_0khb3jk._.js:11822:40)
    at processMessage (http://localhost:3002/_next/static/chunks/0fri_next_dist_client_0khb3jk._.js:14013:67)
    at WebSocket.handleMessage (http://localhost:3002/_next/static/chunks/0fri_next_dist_client_0khb3jk._.js:13358:52)
[  126100ms] Error: Internal Next.js error: Router action dispatched before initialization.
    at dispatchAppRouterAction (http://localhost:3002/_next/static/chunks/0fri_next_dist_client_0khb3jk._.js:916:37)
    at http://localhost:3002/_next/static/chunks/0fri_next_dist_client_0khb3jk._.js:11823:61
    at startTransition (http://localhost:3002/_next/static/chunks/0fri_next_dist_compiled_13lyavm._.js:1279:31)
    at Object.hmrRefresh (http://localhost:3002/_next/static/chunks/0fri_next_dist_client_0khb3jk._.js:11822:40)
    at processMessage (http://localhost:3002/_next/static/chunks/0fri_next_dist_client_0khb3jk._.js:14013:67)
    at WebSocket.handleMessage (http://localhost:3002/_next/static/chunks/0fri_next_dist_client_0khb3jk._.js:13358:52)
[  126100ms] Error: Internal Next.js error: Router action dispatched before initialization.
    at dispatchAppRouterAction (http://localhost:3002/_next/static/chunks/0fri_next_dist_client_0khb3jk._.js:916:37)
    at http://localhost:3002/_next/static/chunks/0fri_next_dist_client_0khb3jk._.js:11823:61
    at startTransition (http://localhost:3002/_next/static/chunks/0fri_next_dist_compiled_13lyavm._.js:1279:31)
    at Object.hmrRefresh (http://localhost:3002/_next/static/chunks/0fri_next_dist_client_0khb3jk._.js:11822:40)
    at processMessage (http://localhost:3002/_next/static/chunks/0fri_next_dist_client_0khb3jk._.js:14013:67)
    at WebSocket.handleMessage (http://localhost:3002/_next/static/chunks/0fri_next_dist_client_0khb3jk._.js:13358:52)
[  126100ms] Error: Internal Next.js error: Router action dispatched before initialization.
    at dispatchAppRouterAction (http://localhost:3002/_next/static/chunks/0fri_next_dist_client_0khb3jk._.js:916:37)
    at http://localhost:3002/_next/static/chunks/0fri_next_dist_client_0khb3jk._.js:11823:61
    at startTransition (http://localhost:3002/_next/static/chunks/0fri_next_dist_compiled_13lyavm._.js:1279:31)
    at Object.hmrRefresh (http://localhost:3002/_next/static/chunks/0fri_next_dist_client_0khb3jk._.js:11822:40)
    at processMessage (http://localhost:3002/_next/static/chunks/0fri_next_dist_client_0khb3jk._.js:14013:67)
    at WebSocket.handleMessage (http://localhost:3002/_next/static/chunks/0fri_next_dist_client_0khb3jk._.js:13358:52)
[  126101ms] Error: Internal Next.js error: Router action dispatched before initialization.
    at dispatchAppRouterAction (http://localhost:3002/_next/static/chunks/0fri_next_dist_client_0khb3jk._.js:916:37)
    at http://localhost:3002/_next/static/chunks/0fri_next_dist_client_0khb3jk._.js:11823:61
    at startTransition (http://localhost:3002/_next/static/chunks/0fri_next_dist_compiled_13lyavm._.js:1279:31)
    at Object.hmrRefresh (http://localhost:3002/_next/static/chunks/0fri_next_dist_client_0khb3jk._.js:11822:40)
    at processMessage (http://localhost:3002/_next/static/chunks/0fri_next_dist_client_0khb3jk._.js:14013:67)
    at WebSocket.handleMessage (http://localhost:3002/_next/static/chunks/0fri_next_dist_client_0khb3jk._.js:13358:52)
[  126101ms] Error: Internal Next.js error: Router action dispatched before initialization.
    at dispatchAppRouterAction (http://localhost:3002/_next/static/chunks/0fri_next_dist_client_0khb3jk._.js:916:37)
    at http://localhost:3002/_next/static/chunks/0fri_next_dist_client_0khb3jk._.js:11823:61
    at startTransition (http://localhost:3002/_next/static/chunks/0fri_next_dist_compiled_13lyavm._.js:1279:31)
    at Object.hmrRefresh (http://localhost:3002/_next/static/chunks/0fri_next_dist_client_0khb3jk._.js:11822:40)
    at processMessage (http://localhost:3002/_next/static/chunks/0fri_next_dist_client_0khb3jk._.js:14013:67)
    at WebSocket.handleMessage (http://localhost:3002/_next/static/chunks/0fri_next_dist_client_0khb3jk._.js:13358:52)
[  126101ms] Error: Internal Next.js error: Router action dispatched before initialization.
    at dispatchAppRouterAction (http://localhost:3002/_next/static/chunks/0fri_next_dist_client_0khb3jk._.js:916:37)
    at http://localhost:3002/_next/static/chunks/0fri_next_dist_client_0khb3jk._.js:11823:61
    at startTransition (http://localhost:3002/_next/static/chunks/0fri_next_dist_compiled_13lyavm._.js:1279:31)
    at Object.hmrRefresh (http://localhost:3002/_next/static/chunks/0fri_next_dist_client_0khb3jk._.js:11822:40)
    at processMessage (http://localhost:3002/_next/static/chunks/0fri_next_dist_client_0khb3jk._.js:14013:67)
    at WebSocket.handleMessage (http://localhost:3002/_next/static/chunks/0fri_next_dist_client_0khb3jk._.js:13358:52)
[  126101ms] Error: Internal Next.js error: Router action dispatched before initialization.
    at dispatchAppRouterAction (http://localhost:3002/_next/static/chunks/0fri_next_dist_client_0khb3jk._.js:916:37)
    at http://localhost:3002/_next/static/chunks/0fri_next_dist_client_0khb3jk._.js:11823:61
    at startTransition (http://localhost:3002/_next/static/chunks/0fri_next_dist_compiled_13lyavm._.js:1279:31)
    at Object.hmrRefresh (http://localhost:3002/_next/static/chunks/0fri_next_dist_client_0khb3jk._.js:11822:40)
    at processMessage (http://localhost:3002/_next/static/chunks/0fri_next_dist_client_0khb3jk._.js:14013:67)
    at WebSocket.handleMessage (http://localhost:3002/_next/static/chunks/0fri_next_dist_client_0khb3jk._.js:13358:52)
[  126102ms] Error: Internal Next.js error: Router action dispatched before initialization.
    at dispatchAppRouterAction (http://localhost:3002/_next/static/chunks/0fri_next_dist_client_0khb3jk._.js:916:37)
    at http://localhost:3002/_next/static/chunks/0fri_next_dist_client_0khb3jk._.js:11823:61
    at startTransition (http://localhost:3002/_next/static/chunks/0fri_next_dist_compiled_13lyavm._.js:1279:31)
    at Object.hmrRefresh (http://localhost:3002/_next/static/chunks/0fri_next_dist_client_0khb3jk._.js:11822:40)
    at processMessage (http://localhost:3002/_next/static/chunks/0fri_next_dist_client_0khb3jk._.js:14013:67)
    at WebSocket.handleMessage (http://localhost:3002/_next/static/chunks/0fri_next_dist_client_0khb3jk._.js:13358:52)
[  126102ms] Error: Internal Next.js error: Router action dispatched before initialization.
    at dispatchAppRouterAction (http://localhost:3002/_next/static/chunks/0fri_next_dist_client_0khb3jk._.js:916:37)
    at http://localhost:3002/_next/static/chunks/0fri_next_dist_client_0khb3jk._.js:11823:61
    at startTransition (http://localhost:3002/_next/static/chunks/0fri_next_dist_compiled_13lyavm._.js:1279:31)
    at Object.hmrRefresh (http://localhost:3002/_next/static/chunks/0fri_next_dist_client_0khb3jk._.js:11822:40)
    at processMessage (http://localhost:3002/_next/static/chunks/0fri_next_dist_client_0khb3jk._.js:14013:67)
    at WebSocket.handleMessage (http://localhost:3002/_next/static/chunks/0fri_next_dist_client_0khb3jk._.js:13358:52)
[  126102ms] Error: Internal Next.js error: Router action dispatched before initialization.
    at dispatchAppRouterAction (http://localhost:3002/_next/static/chunks/0fri_next_dist_client_0khb3jk._.js:916:37)
    at http://localhost:3002/_next/static/chunks/0fri_next_dist_client_0khb3jk._.js:11823:61
    at startTransition (http://localhost:3002/_next/static/chunks/0fri_next_dist_compiled_13lyavm._.js:1279:31)
    at Object.hmrRefresh (http://localhost:3002/_next/static/chunks/0fri_next_dist_client_0khb3jk._.js:11822:40)
    at processMessage (http://localhost:3002/_next/static/chunks/0fri_next_dist_client_0khb3jk._.js:14013:67)
    at WebSocket.handleMessage (http://localhost:3002/_next/static/chunks/0fri_next_dist_client_0khb3jk._.js:13358:52)
[  126102ms] Error: Internal Next.js error: Router action dispatched before initialization.
    at dispatchAppRouterAction (http://localhost:3002/_next/static/chunks/0fri_next_dist_client_0khb3jk._.js:916:37)
    at http://localhost:3002/_next/static/chunks/0fri_next_dist_client_0khb3jk._.js:11823:61
    at startTransition (http://localhost:3002/_next/static/chunks/0fri_next_dist_compiled_13lyavm._.js:1279:31)
    at Object.hmrRefresh (http://localhost:3002/_next/static/chunks/0fri_next_dist_client_0khb3jk._.js:11822:40)
    at processMessage (http://localhost:3002/_next/static/chunks/0fri_next_dist_client_0khb3jk._.js:14013:67)
    at WebSocket.handleMessage (http://localhost:3002/_next/static/chunks/0fri_next_dist_client_0khb3jk._.js:13358:52)
[  126300ms] Error: Internal Next.js error: Router action dispatched before initialization.
    at dispatchAppRouterAction (http://localhost:3002/_next/static/chunks/0fri_next_dist_client_0khb3jk._.js:916:37)
    at http://localhost:3002/_next/static/chunks/0fri_next_dist_client_0khb3jk._.js:11823:61
    at startTransition (http://localhost:3002/_next/static/chunks/0fri_next_dist_compiled_13lyavm._.js:1279:31)
    at Object.hmrRefresh (http://localhost:3002/_next/static/chunks/0fri_next_dist_client_0khb3jk._.js:11822:40)
    at http://localhost:3002/_next/static/chunks/0fri_next_dist_client_0khb3jk._.js:13990:64
    at startTransition (http://localhost:3002/_next/static/chunks/0fri_next_dist_compiled_13lyavm._.js:1279:31)
    at processMessage (http://localhost:3002/_next/static/chunks/0fri_next_dist_client_0khb3jk._.js:13989:44)
    at WebSocket.handleMessage (http://localhost:3002/_next/static/chunks/0fri_next_dist_client_0khb3jk._.js:13358:52)
[  126343ms] Error: Internal Next.js error: Router action dispatched before initialization.
    at dispatchAppRouterAction (http://localhost:3002/_next/static/chunks/0fri_next_dist_client_0khb3jk._.js:916:37)
    at http://localhost:3002/_next/static/chunks/0fri_next_dist_client_0khb3jk._.js:11823:61
    at startTransition (http://localhost:3002/_next/static/chunks/0fri_next_dist_compiled_13lyavm._.js:1279:31)
    at Object.hmrRefresh (http://localhost:3002/_next/static/chunks/0fri_next_dist_client_0khb3jk._.js:11822:40)
    at http://localhost:3002/_next/static/chunks/0fri_next_dist_client_0khb3jk._.js:13990:64
    at startTransition (http://localhost:3002/_next/static/chunks/0fri_next_dist_compiled_13lyavm._.js:1279:31)
    at processMessage (http://localhost:3002/_next/static/chunks/0fri_next_dist_client_0khb3jk._.js:13989:44)
    at WebSocket.handleMessage (http://localhost:3002/_next/static/chunks/0fri_next_dist_client_0khb3jk._.js:13358:52)
[  126344ms] Error: Internal Next.js error: Router action dispatched before initialization.
    at dispatchAppRouterAction (http://localhost:3002/_next/static/chunks/0fri_next_dist_client_0khb3jk._.js:916:37)
    at http://localhost:3002/_next/static/chunks/0fri_next_dist_client_0khb3jk._.js:11823:61
    at startTransition (http://localhost:3002/_next/static/chunks/0fri_next_dist_compiled_13lyavm._.js:1279:31)
    at Object.hmrRefresh (http://localhost:3002/_next/static/chunks/0fri_next_dist_client_0khb3jk._.js:11822:40)
    at http://localhost:3002/_next/static/chunks/0fri_next_dist_client_0khb3jk._.js:13990:64
    at startTransition (http://localhost:3002/_next/static/chunks/0fri_next_dist_compiled_13lyavm._.js:1279:31)
    at processMessage (http://localhost:3002/_next/static/chunks/0fri_next_dist_client_0khb3jk._.js:13989:44)
    at WebSocket.handleMessage (http://localhost:3002/_next/static/chunks/0fri_next_dist_client_0khb3jk._.js:13358:52)
[  126364ms] Error: Internal Next.js error: Router action dispatched before initialization.
    at dispatchAppRouterAction (http://localhost:3002/_next/static/chunks/0fri_next_dist_client_0khb3jk._.js:916:37)
    at http://localhost:3002/_next/static/chunks/0fri_next_dist_client_0khb3jk._.js:11823:61
    at startTransition (http://localhost:3002/_next/static/chunks/0fri_next_dist_compiled_13lyavm._.js:1279:31)
    at Object.hmrRefresh (http://localhost:3002/_next/static/chunks/0fri_next_dist_client_0khb3jk._.js:11822:40)
    at http://localhost:3002/_next/static/chunks/0fri_next_dist_client_0khb3jk._.js:13990:64
    at startTransition (http://localhost:3002/_next/static/chunks/0fri_next_dist_compiled_13lyavm._.js:1279:31)
    at processMessage (http://localhost:3002/_next/static/chunks/0fri_next_dist_client_0khb3jk._.js:13989:44)
    at WebSocket.handleMessage (http://localhost:3002/_next/static/chunks/0fri_next_dist_client_0khb3jk._.js:13358:52)
[  126397ms] [LOG] [Fast Refresh] done in 355ms @ http://localhost:3002/_next/static/chunks/0fri_next_dist_0tpe6z5._.js:2477
[  136527ms] [LOG] [Fast Refresh] rebuilding @ http://localhost:3002/_next/static/chunks/0fri_next_dist_0tpe6z5._.js:2477
[  136529ms] Error: Internal Next.js error: Router action dispatched before initialization.
    at dispatchAppRouterAction (http://localhost:3002/_next/static/chunks/0fri_next_dist_client_0khb3jk._.js:916:37)
    at http://localhost:3002/_next/static/chunks/0fri_next_dist_client_0khb3jk._.js:11823:61
    at startTransition (http://localhost:3002/_next/static/chunks/0fri_next_dist_compiled_13lyavm._.js:1279:31)
    at Object.hmrRefresh (http://localhost:3002/_next/static/chunks/0fri_next_dist_client_0khb3jk._.js:11822:40)
    at http://localhost:3002/_next/static/chunks/0fri_next_dist_client_0khb3jk._.js:13990:64
    at startTransition (http://localhost:3002/_next/static/chunks/0fri_next_dist_compiled_13lyavm._.js:1279:31)
    at processMessage (http://localhost:3002/_next/static/chunks/0fri_next_dist_client_0khb3jk._.js:13989:44)
    at WebSocket.handleMessage (http://localhost:3002/_next/static/chunks/0fri_next_dist_client_0khb3jk._.js:13358:52)
[  136529ms] Error: Internal Next.js error: Router action dispatched before initialization.
    at dispatchAppRouterAction (http://localhost:3002/_next/static/chunks/0fri_next_dist_client_0khb3jk._.js:916:37)
    at http://localhost:3002/_next/static/chunks/0fri_next_dist_client_0khb3jk._.js:11823:61
    at startTransition (http://localhost:3002/_next/static/chunks/0fri_next_dist_compiled_13lyavm._.js:1279:31)
    at Object.hmrRefresh (http://localhost:3002/_next/static/chunks/0fri_next_dist_client_0khb3jk._.js:11822:40)
    at http://localhost:3002/_next/static/chunks/0fri_next_dist_client_0khb3jk._.js:13990:64
    at startTransition (http://localhost:3002/_next/static/chunks/0fri_next_dist_compiled_13lyavm._.js:1279:31)
    at processMessage (http://localhost:3002/_next/static/chunks/0fri_next_dist_client_0khb3jk._.js:13989:44)
    at WebSocket.handleMessage (http://localhost:3002/_next/static/chunks/0fri_next_dist_client_0khb3jk._.js:13358:52)
[  136557ms] [LOG] [Fast Refresh] done in 22ms @ http://localhost:3002/_next/static/chunks/0fri_next_dist_0tpe6z5._.js:2477
[  141133ms] [LOG] [Fast Refresh] rebuilding @ http://localhost:3002/_next/static/chunks/0fri_next_dist_0tpe6z5._.js:2477
[  141166ms] Error: Internal Next.js error: Router action dispatched before initialization.
    at dispatchAppRouterAction (http://localhost:3002/_next/static/chunks/0fri_next_dist_client_0khb3jk._.js:916:37)
    at http://localhost:3002/_next/static/chunks/0fri_next_dist_client_0khb3jk._.js:11823:61
    at startTransition (http://localhost:3002/_next/static/chunks/0fri_next_dist_compiled_13lyavm._.js:1279:31)
    at Object.hmrRefresh (http://localhost:3002/_next/static/chunks/0fri_next_dist_client_0khb3jk._.js:11822:40)
    at http://localhost:3002/_next/static/chunks/0fri_next_dist_client_0khb3jk._.js:13990:64
    at startTransition (http://localhost:3002/_next/static/chunks/0fri_next_dist_compiled_13lyavm._.js:1279:31)
    at processMessage (http://localhost:3002/_next/static/chunks/0fri_next_dist_client_0khb3jk._.js:13989:44)
    at WebSocket.handleMessage (http://localhost:3002/_next/static/chunks/0fri_next_dist_client_0khb3jk._.js:13358:52)
[  141169ms] Error: Internal Next.js error: Router action dispatched before initialization.
    at dispatchAppRouterAction (http://localhost:3002/_next/static/chunks/0fri_next_dist_client_0khb3jk._.js:916:37)
    at http://localhost:3002/_next/static/chunks/0fri_next_dist_client_0khb3jk._.js:11823:61
    at startTransition (http://localhost:3002/_next/static/chunks/0fri_next_dist_compiled_13lyavm._.js:1279:31)
    at Object.hmrRefresh (http://localhost:3002/_next/static/chunks/0fri_next_dist_client_0khb3jk._.js:11822:40)
    at http://localhost:3002/_next/static/chunks/0fri_next_dist_client_0khb3jk._.js:13990:64
    at startTransition (http://localhost:3002/_next/static/chunks/0fri_next_dist_compiled_13lyavm._.js:1279:31)
    at processMessage (http://localhost:3002/_next/static/chunks/0fri_next_dist_client_0khb3jk._.js:13989:44)
    at WebSocket.handleMessage (http://localhost:3002/_next/static/chunks/0fri_next_dist_client_0khb3jk._.js:13358:52)
[  141169ms] Error: Internal Next.js error: Router action dispatched before initialization.
    at dispatchAppRouterAction (http://localhost:3002/_next/static/chunks/0fri_next_dist_client_0khb3jk._.js:916:37)
    at http://localhost:3002/_next/static/chunks/0fri_next_dist_client_0khb3jk._.js:11823:61
    at startTransition (http://localhost:3002/_next/static/chunks/0fri_next_dist_compiled_13lyavm._.js:1279:31)
    at Object.hmrRefresh (http://localhost:3002/_next/static/chunks/0fri_next_dist_client_0khb3jk._.js:11822:40)
    at http://localhost:3002/_next/static/chunks/0fri_next_dist_client_0khb3jk._.js:13990:64
    at startTransition (http://localhost:3002/_next/static/chunks/0fri_next_dist_compiled_13lyavm._.js:1279:31)
    at processMessage (http://localhost:3002/_next/static/chunks/0fri_next_dist_client_0khb3jk._.js:13989:44)
    at WebSocket.handleMessage (http://localhost:3002/_next/static/chunks/0fri_next_dist_client_0khb3jk._.js:13358:52)
[  141170ms] Error: Internal Next.js error: Router action dispatched before initialization.
    at dispatchAppRouterAction (http://localhost:3002/_next/static/chunks/0fri_next_dist_client_0khb3jk._.js:916:37)
    at http://localhost:3002/_next/static/chunks/0fri_next_dist_client_0khb3jk._.js:11823:61
    at startTransition (http://localhost:3002/_next/static/chunks/0fri_next_dist_compiled_13lyavm._.js:1279:31)
    at Object.hmrRefresh (http://localhost:3002/_next/static/chunks/0fri_next_dist_client_0khb3jk._.js:11822:40)
    at http://localhost:3002/_next/static/chunks/0fri_next_dist_client_0khb3jk._.js:13990:64
    at startTransition (http://localhost:3002/_next/static/chunks/0fri_next_dist_compiled_13lyavm._.js:1279:31)
    at processMessage (http://localhost:3002/_next/static/chunks/0fri_next_dist_client_0khb3jk._.js:13989:44)
    at WebSocket.handleMessage (http://localhost:3002/_next/static/chunks/0fri_next_dist_client_0khb3jk._.js:13358:52)
[  141179ms] Error: Internal Next.js error: Router action dispatched before initialization.
    at dispatchAppRouterAction (http://localhost:3002/_next/static/chunks/0fri_next_dist_client_0khb3jk._.js:916:37)
    at http://localhost:3002/_next/static/chunks/0fri_next_dist_client_0khb3jk._.js:11823:61
    at startTransition (http://localhost:3002/_next/static/chunks/0fri_next_dist_compiled_13lyavm._.js:1279:31)
    at Object.hmrRefresh (http://localhost:3002/_next/static/chunks/0fri_next_dist_client_0khb3jk._.js:11822:40)
    at http://localhost:3002/_next/static/chunks/0fri_next_dist_client_0khb3jk._.js:13990:64
    at startTransition (http://localhost:3002/_next/static/chunks/0fri_next_dist_compiled_13lyavm._.js:1279:31)
    at processMessage (http://localhost:3002/_next/static/chunks/0fri_next_dist_client_0khb3jk._.js:13989:44)
    at WebSocket.handleMessage (http://localhost:3002/_next/static/chunks/0fri_next_dist_client_0khb3jk._.js:13358:52)
[  141180ms] Error: Internal Next.js error: Router action dispatched before initialization.
    at dispatchAppRouterAction (http://localhost:3002/_next/static/chunks/0fri_next_dist_client_0khb3jk._.js:916:37)
    at http://localhost:3002/_next/static/chunks/0fri_next_dist_client_0khb3jk._.js:11823:61
    at startTransition (http://localhost:3002/_next/static/chunks/0fri_next_dist_compiled_13lyavm._.js:1279:31)
    at Object.hmrRefresh (http://localhost:3002/_next/static/chunks/0fri_next_dist_client_0khb3jk._.js:11822:40)
    at http://localhost:3002/_next/static/chunks/0fri_next_dist_client_0khb3jk._.js:13990:64
    at startTransition (http://localhost:3002/_next/static/chunks/0fri_next_dist_compiled_13lyavm._.js:1279:31)
    at processMessage (http://localhost:3002/_next/static/chunks/0fri_next_dist_client_0khb3jk._.js:13989:44)
    at WebSocket.handleMessage (http://localhost:3002/_next/static/chunks/0fri_next_dist_client_0khb3jk._.js:13358:52)
[  141216ms] [LOG] [Fast Refresh] done in 140ms @ http://localhost:3002/_next/static/chunks/0fri_next_dist_0tpe6z5._.js:2477
[  158576ms] [LOG] [Fast Refresh] rebuilding @ http://localhost:3002/_next/static/chunks/0fri_next_dist_0tpe6z5._.js:2477
[  158578ms] Error: Internal Next.js error: Router action dispatched before initialization.
    at dispatchAppRouterAction (http://localhost:3002/_next/static/chunks/0fri_next_dist_client_0khb3jk._.js:916:37)
    at http://localhost:3002/_next/static/chunks/0fri_next_dist_client_0khb3jk._.js:11823:61
    at startTransition (http://localhost:3002/_next/static/chunks/0fri_next_dist_compiled_13lyavm._.js:1279:31)
    at Object.hmrRefresh (http://localhost:3002/_next/static/chunks/0fri_next_dist_client_0khb3jk._.js:11822:40)
    at http://localhost:3002/_next/static/chunks/0fri_next_dist_client_0khb3jk._.js:13990:64
    at startTransition (http://localhost:3002/_next/static/chunks/0fri_next_dist_compiled_13lyavm._.js:1279:31)
    at processMessage (http://localhost:3002/_next/static/chunks/0fri_next_dist_client_0khb3jk._.js:13989:44)
    at WebSocket.handleMessage (http://localhost:3002/_next/static/chunks/0fri_next_dist_client_0khb3jk._.js:13358:52)
[  158599ms] Error: Internal Next.js error: Router action dispatched before initialization.
    at dispatchAppRouterAction (http://localhost:3002/_next/static/chunks/0fri_next_dist_client_0khb3jk._.js:916:37)
    at http://localhost:3002/_next/static/chunks/0fri_next_dist_client_0khb3jk._.js:11823:61
    at startTransition (http://localhost:3002/_next/static/chunks/0fri_next_dist_compiled_13lyavm._.js:1279:31)
    at Object.hmrRefresh (http://localhost:3002/_next/static/chunks/0fri_next_dist_client_0khb3jk._.js:11822:40)
    at http://localhost:3002/_next/static/chunks/0fri_next_dist_client_0khb3jk._.js:13990:64
    at startTransition (http://localhost:3002/_next/static/chunks/0fri_next_dist_compiled_13lyavm._.js:1279:31)
    at processMessage (http://localhost:3002/_next/static/chunks/0fri_next_dist_client_0khb3jk._.js:13989:44)
    at WebSocket.handleMessage (http://localhost:3002/_next/static/chunks/0fri_next_dist_client_0khb3jk._.js:13358:52)
[  158599ms] Error: Internal Next.js error: Router action dispatched before initialization.
    at dispatchAppRouterAction (http://localhost:3002/_next/static/chunks/0fri_next_dist_client_0khb3jk._.js:916:37)
    at http://localhost:3002/_next/static/chunks/0fri_next_dist_client_0khb3jk._.js:11823:61
    at startTransition (http://localhost:3002/_next/static/chunks/0fri_next_dist_compiled_13lyavm._.js:1279:31)
    at Object.hmrRefresh (http://localhost:3002/_next/static/chunks/0fri_next_dist_client_0khb3jk._.js:11822:40)
    at http://localhost:3002/_next/static/chunks/0fri_next_dist_client_0khb3jk._.js:13990:64
    at startTransition (http://localhost:3002/_next/static/chunks/0fri_next_dist_compiled_13lyavm._.js:1279:31)
    at processMessage (http://localhost:3002/_next/static/chunks/0fri_next_dist_client_0khb3jk._.js:13989:44)
    at WebSocket.handleMessage (http://localhost:3002/_next/static/chunks/0fri_next_dist_client_0khb3jk._.js:13358:52)
[  158655ms] Error: Internal Next.js error: Router action dispatched before initialization.
    at dispatchAppRouterAction (http://localhost:3002/_next/static/chunks/0fri_next_dist_client_0khb3jk._.js:916:37)
    at http://localhost:3002/_next/static/chunks/0fri_next_dist_client_0khb3jk._.js:11823:61
    at startTransition (http://localhost:3002/_next/static/chunks/0fri_next_dist_compiled_13lyavm._.js:1279:31)
    at Object.hmrRefresh (http://localhost:3002/_next/static/chunks/0fri_next_dist_client_0khb3jk._.js:11822:40)
    at http://localhost:3002/_next/static/chunks/0fri_next_dist_client_0khb3jk._.js:13990:64
    at startTransition (http://localhost:3002/_next/static/chunks/0fri_next_dist_compiled_13lyavm._.js:1279:31)
    at processMessage (http://localhost:3002/_next/static/chunks/0fri_next_dist_client_0khb3jk._.js:13989:44)
    at WebSocket.handleMessage (http://localhost:3002/_next/static/chunks/0fri_next_dist_client_0khb3jk._.js:13358:52)
[  158655ms] Error: Internal Next.js error: Router action dispatched before initialization.
    at dispatchAppRouterAction (http://localhost:3002/_next/static/chunks/0fri_next_dist_client_0khb3jk._.js:916:37)
    at http://localhost:3002/_next/static/chunks/0fri_next_dist_client_0khb3jk._.js:11823:61
    at startTransition (http://localhost:3002/_next/static/chunks/0fri_next_dist_compiled_13lyavm._.js:1279:31)
    at Object.hmrRefresh (http://localhost:3002/_next/static/chunks/0fri_next_dist_client_0khb3jk._.js:11822:40)
    at http://localhost:3002/_next/static/chunks/0fri_next_dist_client_0khb3jk._.js:13990:64
    at startTransition (http://localhost:3002/_next/static/chunks/0fri_next_dist_compiled_13lyavm._.js:1279:31)
    at processMessage (http://localhost:3002/_next/static/chunks/0fri_next_dist_client_0khb3jk._.js:13989:44)
    at WebSocket.handleMessage (http://localhost:3002/_next/static/chunks/0fri_next_dist_client_0khb3jk._.js:13358:52)
[  158655ms] Error: Internal Next.js error: Router action dispatched before initialization.
    at dispatchAppRouterAction (http://localhost:3002/_next/static/chunks/0fri_next_dist_client_0khb3jk._.js:916:37)
    at http://localhost:3002/_next/static/chunks/0fri_next_dist_client_0khb3jk._.js:11823:61
    at startTransition (http://localhost:3002/_next/static/chunks/0fri_next_dist_compiled_13lyavm._.js:1279:31)
    at Object.hmrRefresh (http://localhost:3002/_next/static/chunks/0fri_next_dist_client_0khb3jk._.js:11822:40)
    at http://localhost:3002/_next/static/chunks/0fri_next_dist_client_0khb3jk._.js:13990:64
    at startTransition (http://localhost:3002/_next/static/chunks/0fri_next_dist_compiled_13lyavm._.js:1279:31)
    at processMessage (http://localhost:3002/_next/static/chunks/0fri_next_dist_client_0khb3jk._.js:13989:44)
    at WebSocket.handleMessage (http://localhost:3002/_next/static/chunks/0fri_next_dist_client_0khb3jk._.js:13358:52)
[  158655ms] Error: Internal Next.js error: Router action dispatched before initialization.
    at dispatchAppRouterAction (http://localhost:3002/_next/static/chunks/0fri_next_dist_client_0khb3jk._.js:916:37)
    at http://localhost:3002/_next/static/chunks/0fri_next_dist_client_0khb3jk._.js:11823:61
    at startTransition (http://localhost:3002/_next/static/chunks/0fri_next_dist_compiled_13lyavm._.js:1279:31)
    at Object.hmrRefresh (http://localhost:3002/_next/static/chunks/0fri_next_dist_client_0khb3jk._.js:11822:40)
    at http://localhost:3002/_next/static/chunks/0fri_next_dist_client_0khb3jk._.js:13990:64
    at startTransition (http://localhost:3002/_next/static/chunks/0fri_next_dist_compiled_13lyavm._.js:1279:31)
    at processMessage (http://localhost:3002/_next/static/chunks/0fri_next_dist_client_0khb3jk._.js:13989:44)
    at WebSocket.handleMessage (http://localhost:3002/_next/static/chunks/0fri_next_dist_client_0khb3jk._.js:13358:52)
[  158656ms] Error: Internal Next.js error: Router action dispatched before initialization.
    at dispatchAppRouterAction (http://localhost:3002/_next/static/chunks/0fri_next_dist_client_0khb3jk._.js:916:37)
    at http://localhost:3002/_next/static/chunks/0fri_next_dist_client_0khb3jk._.js:11823:61
    at startTransition (http://localhost:3002/_next/static/chunks/0fri_next_dist_compiled_13lyavm._.js:1279:31)
    at Object.hmrRefresh (http://localhost:3002/_next/static/chunks/0fri_next_dist_client_0khb3jk._.js:11822:40)
    at http://localhost:3002/_next/static/chunks/0fri_next_dist_client_0khb3jk._.js:13990:64
    at startTransition (http://localhost:3002/_next/static/chunks/0fri_next_dist_compiled_13lyavm._.js:1279:31)
    at processMessage (http://localhost:3002/_next/static/chunks/0fri_next_dist_client_0khb3jk._.js:13989:44)
    at WebSocket.handleMessage (http://localhost:3002/_next/static/chunks/0fri_next_dist_client_0khb3jk._.js:13358:52)
[  158657ms] Error: Internal Next.js error: Router action dispatched before initialization.
    at dispatchAppRouterAction (http://localhost:3002/_next/static/chunks/0fri_next_dist_client_0khb3jk._.js:916:37)
    at http://localhost:3002/_next/static/chunks/0fri_next_dist_client_0khb3jk._.js:11823:61
    at startTransition (http://localhost:3002/_next/static/chunks/0fri_next_dist_compiled_13lyavm._.js:1279:31)
    at Object.hmrRefresh (http://localhost:3002/_next/static/chunks/0fri_next_dist_client_0khb3jk._.js:11822:40)
    at http://localhost:3002/_next/static/chunks/0fri_next_dist_client_0khb3jk._.js:13990:64
    at startTransition (http://localhost:3002/_next/static/chunks/0fri_next_dist_compiled_13lyavm._.js:1279:31)
    at processMessage (http://localhost:3002/_next/static/chunks/0fri_next_dist_client_0khb3jk._.js:13989:44)
    at WebSocket.handleMessage (http://localhost:3002/_next/static/chunks/0fri_next_dist_client_0khb3jk._.js:13358:52)
[  158657ms] Error: Internal Next.js error: Router action dispatched before initialization.
    at dispatchAppRouterAction (http://localhost:3002/_next/static/chunks/0fri_next_dist_client_0khb3jk._.js:916:37)
    at http://localhost:3002/_next/static/chunks/0fri_next_dist_client_0khb3jk._.js:11823:61
    at startTransition (http://localhost:3002/_next/static/chunks/0fri_next_dist_compiled_13lyavm._.js:1279:31)
    at Object.hmrRefresh (http://localhost:3002/_next/static/chunks/0fri_next_dist_client_0khb3jk._.js:11822:40)
    at http://localhost:3002/_next/static/chunks/0fri_next_dist_client_0khb3jk._.js:13990:64
    at startTransition (http://localhost:3002/_next/static/chunks/0fri_next_dist_compiled_13lyavm._.js:1279:31)
    at processMessage (http://localhost:3002/_next/static/chunks/0fri_next_dist_client_0khb3jk._.js:13989:44)
    at WebSocket.handleMessage (http://localhost:3002/_next/static/chunks/0fri_next_dist_client_0khb3jk._.js:13358:52)
[  158780ms] [LOG] [Fast Refresh] done in 132ms @ http://localhost:3002/_next/static/chunks/0fri_next_dist_0tpe6z5._.js:2477
[  158937ms] [INFO] %cDownload the React DevTools for a better development experience: https://react.dev/link/react-devtools font-weight:bold @ http://localhost:3002/_next/static/chunks/0fri_next_dist_0tpe6z5._.js:2477
[  158948ms] [LOG] [HMR] connected @ http://localhost:3002/_next/static/chunks/0fri_next_dist_0tpe6z5._.js:2477
